[2025-11-03 10:03:00] ERROR: Connection timeout
[2025-11-03 10:04:00] ERROR: Permission denied
[2025-11-03 10:05:00] ERROR: Connection timeout[2025-11-03 10:00:00] ERROR: Connection timeout
[2025-11-03 10:01:00] Warning: Deprecated API
[2025-11-03 10:02:00] ERROR: File not found
[2025-11-03 10:03:00] ERROR: Connection timeout
[2025-11-03 10:04:00] ERROR: Permission denied
[2025-11-03 10:05:00] ERROR: Connection timeout
